identifier(print)
lparen
string("No comments (#...) for now.")
rparen
new_line
identifier(number)
indent
UNKNOWN TOKEN!
indent
int(18)
new_line
new_line
identifier(people)
indent
UNKNOWN TOKEN!
indent
lbrace
new_line
indent
string("Alice")
colon
indent
int(114514)
comma
new_line
indent
string("Bob")
colon
indent
float(10000000000000000159028911097599180468360808563945281389781327557747838772170381060813469985856815104.000000)
comma
new_line
indent
string("Charlie")
colon
indent
float(-4.000000)
comma
new_line
indent
string("Dave")
colon
indent
float(11919800000.000000)
comma
new_line
rbrace
new_line
new_line
identifier(names)
indent
UNKNOWN TOKEN!
indent
string(", ")
dot
identifier(join)
lparen
identifier(people)
dot
identifier(keys)
lparen
rparen
rparen
new_line
new_line
def
indent
identifier(greet)
lparen
identifier(name)
rparen
colon
new_line
indent
return
indent
string("Hello {}!")
dot
identifier(format)
lparen
identifier(name)
rparen
new_line
new_line
identifier(greeting)
indent
UNKNOWN TOKEN!
indent
identifier(greet)
lparen
identifier(names)
rparen
new_line
new_line
identifier(above30)
indent
UNKNOWN TOKEN!
indent
lbracket
identifier(name)
indent
for
indent
identifier(name)
comma
indent
identifier(age)
indent
in
indent
identifier(people)
dot
identifier(items)
lparen
rparen
indent
if
indent
identifier(age)
indent
ge
indent
int(30)
rbracket
new_line
new_line
identifier(print)
lparen
string("{} people are above 30.")
dot
identifier(format)
lparen
identifier(len)
lparen
identifier(above30)
rparen
rparen
rparen
new_line
new_line
def
indent
identifier(fizz_buzz)
lparen
identifier(n)
rparen
colon
new_line
indent
for
indent
identifier(i)
indent
in
indent
identifier(range)
lparen
int(1)
comma
indent
identifier(n)
indent
add
indent
int(1)
rparen
colon
new_line
indent
identifier(s)
indent
UNKNOWN TOKEN!
indent
string("")
new_line
indent
if
indent
identifier(i)
indent
mod
indent
int(3)
indent
eq
indent
int(0)
colon
new_line
indent
identifier(s)
indent
iadd
indent
string("Fizz")
new_line
indent
if
indent
identifier(i)
indent
mod
indent
int(5)
indent
eq
indent
int(0)
colon
new_line
indent
identifier(s)
indent
iadd
indent
string("Buzz")
new_line
indent
identifier(print)
lparen
identifier(s)
indent
if
indent
identifier(s)
indent
else
indent
identifier(i)
rparen
new_line
new_line
identifier(fizz_buzz)
lparen
int(20)
rparen
