[Assign] IDENTIFIER(s)=SLICE(STRING("abcd"),Slice(NONE():NONE():INT(2))
[Assign] IDENTIFIER(a)=LIST(INT(1),INT(2),INT(3),LIST(INT(1),INT(2),INT(3)))
[Expr] SLICE(IDENTIFIER(a),Slice(NONE():NONE():NONE())
[Expr] SLICE(IDENTIFIER(a),Slice(INT(0):NONE():NONE())
[Expr] SLICE(IDENTIFIER(a),Slice(NONE():INT(0):NONE())
[Expr] SLICE(IDENTIFIER(a),Slice(INT(0):INT(1):NONE())
[Expr] SLICE(IDENTIFIER(a),Slice(NONE():NONE():INT(0))
[Expr] SLICE(IDENTIFIER(a),Slice(INT(0):NONE():INT(2))
[Expr] SLICE(IDENTIFIER(a),Slice(NONE():INT(1):INT(2))
[Expr] SLICE(IDENTIFIER(a),Slice(INT(0):INT(1):INT(2))
[Expr] SLICE(IDENTIFIER(a),Slice(NONE():NONE())
[Expr] SLICE(IDENTIFIER(a),Slice(INT(1):NONE())
[Expr] SLICE(IDENTIFIER(a),Slice(NONE():INT(1))
[Expr] SLICE(IDENTIFIER(a),Slice(INT(1):INT(10))
[Expr] SLICE(IDENTIFIER(a),Slice(INT(2))
