[Assign] IDENTIFIER(a)=LIST(LIST(INT(1),INT(2)),LIST(INT(3),INT(4)),LIST(INT(5),INT(6)))
[Assign] IDENTIFIER(b)=LIST(LIST(INT(1),INT(3),INT(5),INT(7)),LIST(INT(2),INT(4),INT(6),INT(8)))
[Assign] IDENTIFIER(n)=CALL(IDENTIFIER(len),IDENTIFIER(a))
[Assign] IDENTIFIER(p)=CALL(IDENTIFIER(len),SLICE(IDENTIFIER(a),Slice(INT(0)))
[If] 
NE(IDENTIFIER(p),CALL(IDENTIFIER(len),IDENTIFIER(b)))->{
    [Expr] CALL(IDENTIFIER(exit),INT(0))
}
[Assign] IDENTIFIER(m)=CALL(IDENTIFIER(len),SLICE(IDENTIFIER(b),Slice(INT(0)))
[Assign] IDENTIFIER(c)=LIST_COMPREHENSION(MUL(LIST(INT(0)),IDENTIFIER(m)),FOR(IDENTIFIER(_),CALL(IDENTIFIER(range),IDENTIFIER(n))))
[For] IDENTIFIER(k)=CALL(IDENTIFIER(range),IDENTIFIER(p)){
    [For] IDENTIFIER(i)=CALL(IDENTIFIER(range),IDENTIFIER(n)){
        [For] IDENTIFIER(j)=CALL(IDENTIFIER(range),IDENTIFIER(m)){
            [Assign] SLICE(SLICE(IDENTIFIER(c),Slice(IDENTIFIER(i)),Slice(IDENTIFIER(j))+=MUL(SLICE(SLICE(IDENTIFIER(a),Slice(IDENTIFIER(i)),Slice(IDENTIFIER(k)),SLICE(SLICE(IDENTIFIER(b),Slice(IDENTIFIER(k)),Slice(IDENTIFIER(j)))
        }
    }
}
[Expr] CALL(IDENTIFIER(print),IDENTIFIER(c))
